samy@samy-HP-Notebook:~$ pwd
/home/samy
samy@samy-HP-Notebook:~$ mkdir repos
samy@samy-HP-Notebook:~$ cd repos
samy@samy-HP-Notebook:~/repos$ git clone git@github.com:SoumyaMajhi/git-test.git
Cloning into 'git-test'...
remote: Enumerating objects: 3, done.
remote: Counting objects: 100% (3/3), done.
remote: Total 3 (delta 0), reused 0 (delta 0), pack-reused 0
Receiving objects: 100% (3/3), done.
samy@samy-HP-Notebook:~/repos$ cd git-test
samy@samy-HP-Notebook:~/repos/git-test$ git remote -v
origin	git@github.com:SoumyaMajhi/git-test.git (fetch)
origin	git@github.com:SoumyaMajhi/git-test.git (push)
samy@samy-HP-Notebook:~/repos/git-test$ touch hello-world.txt
samy@samy-HP-Notebook:~/repos/git-test$ git status
On branch main
Your branch is up to date with 'origin/main'.

Untracked files:
  (use "git add <file>..." to include in what will be committed)
	hello-world.txt

nothing added to commit but untracked files present (use "git add" to track)
samy@samy-HP-Notebook:~/repos/git-test$ git add hello-world.txt
samy@samy-HP-Notebook:~/repos/git-test$ git status
On branch main
Your branch is up to date with 'origin/main'.

Changes to be committed:
  (use "git restore --staged <file>..." to unstage)
	new file:   hello-world.txt

samy@samy-HP-Notebook:~/repos/git-test$ git commit -m "Add hello-world.txt"
[main 87a59d1] Add hello-world.txt
 1 file changed, 0 insertions(+), 0 deletions(-)
 create mode 100644 hello-world.txt
samy@samy-HP-Notebook:~/repos/git-test$ git status
On branch main
Your branch is ahead of 'origin/main' by 1 commit.
  (use "git push" to publish your local commits)

nothing to commit, working tree clean
samy@samy-HP-Notebook:~/repos/git-test$ git log
commit 87a59d19a461a09dc1a1dd70b3a87265730af27b (HEAD -> main)
Author: Soumya Majhi <soumyamajhi4@gmail.com>
Date:   Thu Sep 28 13:48:08 2023 +0530

    Add hello-world.txt

commit a1ec485ef85da605d136dbe11d97026e4708600d (origin/main, origin/HEAD)
Author: Soumya Majhi <79470209+SoumyaMajhi@users.noreply.github.com>
Date:   Thu Sep 28 13:37:19 2023 +0530

    Initial commit
samy@samy-HP-Notebook:~/repos/git-test$ code .
samy@samy-HP-Notebook:~/repos/git-test$ git status
On branch main
Your branch is ahead of 'origin/main' by 1 commit.
  (use "git push" to publish your local commits)

Changes not staged for commit:
  (use "git add <file>..." to update what will be committed)
  (use "git restore <file>..." to discard changes in working directory)
	modified:   README.md

no changes added to commit (use "git add" and/or "git commit -a")
samy@samy-HP-Notebook:~/repos/git-test$ git add README.md
samy@samy-HP-Notebook:~/repos/git-test$ git status
On branch main
Your branch is ahead of 'origin/main' by 1 commit.
  (use "git push" to publish your local commits)

Changes to be committed:
  (use "git restore --staged <file>..." to unstage)
	modified:   README.md

samy@samy-HP-Notebook:~/repos/git-test$ git status
On branch main
Your branch is ahead of 'origin/main' by 1 commit.
  (use "git push" to publish your local commits)

Changes to be committed:
  (use "git restore --staged <file>..." to unstage)
	modified:   README.md

Changes not staged for commit:
  (use "git add <file>..." to update what will be committed)
  (use "git restore <file>..." to discard changes in working directory)
	modified:   hello-world.txt

samy@samy-HP-Notebook:~/repos/git-test$ git add .
samy@samy-HP-Notebook:~/repos/git-test$ git status
On branch main
Your branch is ahead of 'origin/main' by 1 commit.
  (use "git push" to publish your local commits)

Changes to be committed:
  (use "git restore --staged <file>..." to unstage)
	modified:   README.md
	modified:   hello-world.txt

samy@samy-HP-Notebook:~/repos/git-test$ git commit -m "Edit README.md and hello-world.txt"
[main e2fa915] Edit README.md and hello-world.txt
 2 files changed, 5 insertions(+), 1 deletion(-)
samy@samy-HP-Notebook:~/repos/git-test$ git status
On branch main
Your branch is ahead of 'origin/main' by 2 commits.
  (use "git push" to publish your local commits)

nothing to commit, working tree clean
samy@samy-HP-Notebook:~/repos/git-test$ git log
commit e2fa915484b5873424291f7a5e1f362e9f8261f4 (HEAD -> main)
Author: Soumya Majhi <soumyamajhi4@gmail.com>
Date:   Thu Sep 28 13:58:42 2023 +0530

    Edit README.md and hello-world.txt

commit 87a59d19a461a09dc1a1dd70b3a87265730af27b
Author: Soumya Majhi <soumyamajhi4@gmail.com>
Date:   Thu Sep 28 13:48:08 2023 +0530

    Add hello-world.txt

commit a1ec485ef85da605d136dbe11d97026e4708600d (origin/main, origin/HEAD)
Author: Soumya Majhi <79470209+SoumyaMajhi@users.noreply.github.com>
Date:   Thu Sep 28 13:37:19 2023 +0530

    Initial commit
samy@samy-HP-Notebook:~/repos/git-test$ git push origin main
Enumerating objects: 9, done.
Counting objects: 100% (9/9), done.
Delta compression using up to 4 threads
Compressing objects: 100% (5/5), done.
Writing objects: 100% (7/7), 669 bytes | 95.00 KiB/s, done.
Total 7 (delta 0), reused 0 (delta 0), pack-reused 0
To github.com:SoumyaMajhi/git-test.git
   a1ec485..e2fa915  main -> main
samy@samy-HP-Notebook:~/repos/git-test$ git status
On branch main
Your branch is up to date with 'origin/main'.

nothing to commit, working tree clean
samy@samy-HP-Notebook:~/repos/git-test$ 